[2025-09-16T06:30:12.957-0400][0.013s][info][gc,init] CardTable entry size: 512
[2025-09-16T06:30:12.962-0400][0.018s][info][gc     ] Using G1
[2025-09-16T06:30:12.976-0400][0.032s][info][gc,init] Version: 21.0.8+9-Ubuntu-0ubuntu124.04.1 (release)
[2025-09-16T06:30:12.977-0400][0.032s][info][gc,init] CPUs: 8 total, 8 available
[2025-09-16T06:30:12.977-0400][0.033s][info][gc,init] Memory: 15974M
[2025-09-16T06:30:12.978-0400][0.033s][info][gc,init] Large Page Support: Disabled
[2025-09-16T06:30:12.978-0400][0.034s][info][gc,init] NUMA Support: Disabled
[2025-09-16T06:30:12.978-0400][0.034s][info][gc,init] Compressed Oops: Enabled (Zero based)
[2025-09-16T06:30:12.979-0400][0.034s][info][gc,init] Heap Region Size: 2M
[2025-09-16T06:30:12.979-0400][0.034s][info][gc,init] Heap Min Capacity: 1G
[2025-09-16T06:30:12.979-0400][0.035s][info][gc,init] Heap Initial Capacity: 1G
[2025-09-16T06:30:12.980-0400][0.035s][info][gc,init] Heap Max Capacity: 4G
[2025-09-16T06:30:12.980-0400][0.035s][info][gc,init] Pre-touch: Disabled
[2025-09-16T06:30:12.980-0400][0.036s][info][gc,init] Parallel Workers: 8
[2025-09-16T06:30:12.980-0400][0.036s][info][gc,init] Concurrent Workers: 2
[2025-09-16T06:30:12.981-0400][0.036s][info][gc,init] Concurrent Refinement Workers: 8
[2025-09-16T06:30:12.981-0400][0.037s][info][gc,init] Periodic GC: Disabled
[2025-09-16T06:30:12.996-0400][0.051s][info][gc,metaspace] CDS archive(s) mapped at: [0x00007c9622000000-0x00007c9622ca0000-0x00007c9622ca0000), size 13238272, SharedBaseAddress: 0x00007c9622000000, ArchiveRelocationMode: 1.
[2025-09-16T06:30:12.997-0400][0.052s][info][gc,metaspace] Compressed class space mapped at: 0x00007c9623000000-0x00007c9630000000, reserved size: 218103808
[2025-09-16T06:30:12.997-0400][0.052s][info][gc,metaspace] Narrow klass base: 0x00007c9622000000, Narrow klass shift: 0, Narrow klass range: 0x100000000
[2025-09-16T06:30:20.957-0400][8.013s][info][gc,start    ] GC(0) Pause Young (Normal) (G1 Evacuation Pause)
[2025-09-16T06:30:20.961-0400][8.017s][info][gc,task     ] GC(0) Using 8 workers of 8 for evacuation
[2025-09-16T06:30:20.975-0400][8.031s][info][gc,phases   ] GC(0)   Pre Evacuate Collection Set: 0.8ms
[2025-09-16T06:30:20.976-0400][8.031s][info][gc,phases   ] GC(0)   Merge Heap Roots: 0.5ms
[2025-09-16T06:30:20.976-0400][8.032s][info][gc,phases   ] GC(0)   Evacuate Collection Set: 9.8ms
[2025-09-16T06:30:20.977-0400][8.032s][info][gc,phases   ] GC(0)   Post Evacuate Collection Set: 2.4ms
[2025-09-16T06:30:20.977-0400][8.033s][info][gc,phases   ] GC(0)   Other: 3.8ms
[2025-09-16T06:30:20.978-0400][8.033s][info][gc,heap     ] GC(0) Eden regions: 25->0(26)
[2025-09-16T06:30:20.978-0400][8.034s][info][gc,heap     ] GC(0) Survivor regions: 0->4(4)
[2025-09-16T06:30:20.979-0400][8.034s][info][gc,heap     ] GC(0) Old regions: 1->1
[2025-09-16T06:30:20.979-0400][8.034s][info][gc,heap     ] GC(0) Humongous regions: 0->0
[2025-09-16T06:30:20.979-0400][8.035s][info][gc,metaspace] GC(0) Metaspace: 17395K(17728K)->17395K(17728K) NonClass: 15505K(15680K)->15505K(15680K) Class: 1890K(2048K)->1890K(2048K)
[2025-09-16T06:30:20.980-0400][8.035s][info][gc          ] GC(0) Pause Young (Normal) (G1 Evacuation Pause) 51M->7M(1026M) 22.370ms
[2025-09-16T06:30:20.980-0400][8.036s][info][gc,cpu      ] GC(0) User=0.04s Sys=0.03s Real=0.02s
[2025-09-16T06:30:21.901-0400][8.957s][info][gc,start    ] GC(1) Pause Young (Concurrent Start) (Metadata GC Threshold)
[2025-09-16T06:30:21.902-0400][8.957s][info][gc,task     ] GC(1) Using 8 workers of 8 for evacuation
[2025-09-16T06:30:21.918-0400][8.973s][info][gc,phases   ] GC(1)   Pre Evacuate Collection Set: 0.9ms
[2025-09-16T06:30:21.918-0400][8.974s][info][gc,phases   ] GC(1)   Merge Heap Roots: 0.6ms
[2025-09-16T06:30:21.919-0400][8.974s][info][gc,phases   ] GC(1)   Evacuate Collection Set: 11.7ms
[2025-09-16T06:30:21.919-0400][8.975s][info][gc,phases   ] GC(1)   Post Evacuate Collection Set: 2.3ms
[2025-09-16T06:30:21.920-0400][8.975s][info][gc,phases   ] GC(1)   Other: 0.6ms
[2025-09-16T06:30:21.920-0400][8.976s][info][gc,heap     ] GC(1) Eden regions: 5->0(40)
[2025-09-16T06:30:21.921-0400][8.976s][info][gc,heap     ] GC(1) Survivor regions: 4->2(4)
[2025-09-16T06:30:21.921-0400][8.976s][info][gc,heap     ] GC(1) Old regions: 1->5
[2025-09-16T06:30:21.921-0400][8.977s][info][gc,heap     ] GC(1) Humongous regions: 0->0
[2025-09-16T06:30:21.922-0400][8.977s][info][gc,metaspace] GC(1) Metaspace: 21167K(21504K)->21167K(21504K) NonClass: 18843K(19008K)->18843K(19008K) Class: 2324K(2496K)->2324K(2496K)
[2025-09-16T06:30:21.922-0400][8.978s][info][gc          ] GC(1) Pause Young (Concurrent Start) (Metadata GC Threshold) 17M->9M(1026M) 20.851ms
[2025-09-16T06:30:21.923-0400][8.978s][info][gc,cpu      ] GC(1) User=0.04s Sys=0.03s Real=0.02s
[2025-09-16T06:30:21.923-0400][8.978s][info][gc          ] GC(2) Concurrent Mark Cycle
[2025-09-16T06:30:21.924-0400][8.979s][info][gc,marking  ] GC(2) Concurrent Scan Root Regions
[2025-09-16T06:30:21.930-0400][8.985s][info][gc,marking  ] GC(2) Concurrent Scan Root Regions 6.410ms
[2025-09-16T06:30:21.931-0400][8.986s][info][gc,marking  ] GC(2) Concurrent Mark
[2025-09-16T06:30:21.931-0400][8.987s][info][gc,marking  ] GC(2) Concurrent Mark From Roots
[2025-09-16T06:30:21.931-0400][8.987s][info][gc,task     ] GC(2) Using 2 workers of 2 for marking
[2025-09-16T06:30:21.936-0400][8.992s][info][gc,marking  ] GC(2) Concurrent Mark From Roots 4.936ms
[2025-09-16T06:30:21.937-0400][8.992s][info][gc,marking  ] GC(2) Concurrent Preclean
[2025-09-16T06:30:21.937-0400][8.993s][info][gc,marking  ] GC(2) Concurrent Preclean 0.595ms
[2025-09-16T06:30:21.938-0400][8.994s][info][gc,start    ] GC(2) Pause Remark
[2025-09-16T06:30:21.945-0400][9.000s][info][gc          ] GC(2) Pause Remark 11M->11M(1024M) 6.646ms
[2025-09-16T06:30:21.945-0400][9.001s][info][gc,cpu      ] GC(2) User=0.02s Sys=0.01s Real=0.01s
[2025-09-16T06:30:21.946-0400][9.001s][info][gc,marking  ] GC(2) Concurrent Mark 15.319ms
[2025-09-16T06:30:21.946-0400][9.002s][info][gc,marking  ] GC(2) Concurrent Rebuild Remembered Sets and Scrub Regions
[2025-09-16T06:30:21.952-0400][9.008s][info][gc,marking  ] GC(2) Concurrent Rebuild Remembered Sets and Scrub Regions 5.652ms
[2025-09-16T06:30:21.953-0400][9.008s][info][gc,start    ] GC(2) Pause Cleanup
[2025-09-16T06:30:21.954-0400][9.009s][info][gc          ] GC(2) Pause Cleanup 11M->11M(1024M) 0.989ms
[2025-09-16T06:30:21.954-0400][9.010s][info][gc,cpu      ] GC(2) User=0.00s Sys=0.01s Real=0.00s
[2025-09-16T06:30:21.955-0400][9.010s][info][gc,marking  ] GC(2) Concurrent Clear Claimed Marks
[2025-09-16T06:30:21.955-0400][9.011s][info][gc,marking  ] GC(2) Concurrent Clear Claimed Marks 0.384ms
[2025-09-16T06:30:21.955-0400][9.011s][info][gc,marking  ] GC(2) Concurrent Cleanup for Next Mark
[2025-09-16T06:30:21.977-0400][9.032s][info][gc,marking  ] GC(2) Concurrent Cleanup for Next Mark 21.406ms
[2025-09-16T06:30:21.978-0400][9.033s][info][gc          ] GC(2) Concurrent Mark Cycle 54.957ms
[2025-09-16T06:30:36.089-0400][25.527s][info][gc,start    ] GC(3) Pause Young (Prepare Mixed) (G1 Evacuation Pause)
[2025-09-16T06:30:36.090-0400][25.528s][info][gc,task     ] GC(3) Using 8 workers of 8 for evacuation
[2025-09-16T06:30:36.101-0400][25.539s][info][gc,phases   ] GC(3)   Pre Evacuate Collection Set: 0.7ms
[2025-09-16T06:30:36.101-0400][25.539s][info][gc,phases   ] GC(3)   Merge Heap Roots: 0.5ms
[2025-09-16T06:30:36.102-0400][25.539s][info][gc,phases   ] GC(3)   Evacuate Collection Set: 5.9ms
[2025-09-16T06:30:36.102-0400][25.540s][info][gc,phases   ] GC(3)   Post Evacuate Collection Set: 3.3ms
[2025-09-16T06:30:36.102-0400][25.540s][info][gc,phases   ] GC(3)   Other: 0.7ms
[2025-09-16T06:30:36.103-0400][25.540s][info][gc,heap     ] GC(3) Eden regions: 40->0(68)
[2025-09-16T06:30:36.103-0400][25.541s][info][gc,heap     ] GC(3) Survivor regions: 2->3(6)
[2025-09-16T06:30:36.103-0400][25.541s][info][gc,heap     ] GC(3) Old regions: 5->5
[2025-09-16T06:30:36.104-0400][25.541s][info][gc,heap     ] GC(3) Humongous regions: 0->0
[2025-09-16T06:30:36.104-0400][25.542s][info][gc,metaspace] GC(3) Metaspace: 35165K(35712K)->35165K(35712K) NonClass: 31175K(31488K)->31175K(31488K) Class: 3990K(4224K)->3990K(4224K)
[2025-09-16T06:30:36.105-0400][25.542s][info][gc          ] GC(3) Pause Young (Prepare Mixed) (G1 Evacuation Pause) 89M->13M(1024M) 15.382ms
[2025-09-16T06:30:36.105-0400][25.543s][info][gc,cpu      ] GC(3) User=0.04s Sys=0.00s Real=0.02s
[2025-09-16T06:30:36.542-0400][25.980s][info][gc,start    ] GC(4) Pause Young (Mixed) (Metadata GC Threshold)
[2025-09-16T06:30:36.542-0400][25.980s][info][gc,task     ] GC(4) Using 8 workers of 8 for evacuation
[2025-09-16T06:30:36.553-0400][25.990s][info][gc,phases   ] GC(4)   Pre Evacuate Collection Set: 0.6ms
[2025-09-16T06:30:36.553-0400][25.991s][info][gc,phases   ] GC(4)   Merge Heap Roots: 0.4ms
[2025-09-16T06:30:36.556-0400][25.993s][info][gc,phases   ] GC(4)   Evacuate Collection Set: 5.5ms
[2025-09-16T06:30:36.556-0400][25.994s][info][gc,phases   ] GC(4)   Post Evacuate Collection Set: 3.2ms
[2025-09-16T06:30:36.556-0400][25.994s][info][gc,phases   ] GC(4)   Other: 0.5ms
[2025-09-16T06:30:36.557-0400][25.994s][info][gc,heap     ] GC(4) Eden regions: 2->0(69)
[2025-09-16T06:30:36.557-0400][25.995s][info][gc,heap     ] GC(4) Survivor regions: 3->3(9)
[2025-09-16T06:30:36.557-0400][25.995s][info][gc,heap     ] GC(4) Old regions: 5->5
[2025-09-16T06:30:36.558-0400][25.995s][info][gc,heap     ] GC(4) Humongous regions: 0->0
[2025-09-16T06:30:36.558-0400][25.996s][info][gc,metaspace] GC(4) Metaspace: 35710K(36160K)->35710K(36160K) NonClass: 31653K(31872K)->31653K(31872K) Class: 4056K(4288K)->4056K(4288K)
[2025-09-16T06:30:36.559-0400][25.996s][info][gc          ] GC(4) Pause Young (Mixed) (Metadata GC Threshold) 16M->13M(1024M) 16.672ms
[2025-09-16T06:30:36.559-0400][25.997s][info][gc,cpu      ] GC(4) User=0.03s Sys=0.00s Real=0.01s
[2025-09-16T06:30:36.764-0400][26.201s][info][gc,start    ] GC(5) Pause Young (Concurrent Start) (Metadata GC Threshold)
[2025-09-16T06:30:36.764-0400][26.202s][info][gc,task     ] GC(5) Using 8 workers of 8 for evacuation
[2025-09-16T06:30:36.773-0400][26.211s][info][gc,phases   ] GC(5)   Pre Evacuate Collection Set: 0.9ms
[2025-09-16T06:30:36.774-0400][26.211s][info][gc,phases   ] GC(5)   Merge Heap Roots: 0.5ms
[2025-09-16T06:30:36.774-0400][26.212s][info][gc,phases   ] GC(5)   Evacuate Collection Set: 5.3ms
[2025-09-16T06:30:36.774-0400][26.212s][info][gc,phases   ] GC(5)   Post Evacuate Collection Set: 1.9ms
[2025-09-16T06:30:36.775-0400][26.212s][info][gc,phases   ] GC(5)   Other: 0.7ms
[2025-09-16T06:30:36.775-0400][26.213s][info][gc,heap     ] GC(5) Eden regions: 2->0(97)
[2025-09-16T06:30:36.775-0400][26.213s][info][gc,heap     ] GC(5) Survivor regions: 3->4(9)
[2025-09-16T06:30:36.775-0400][26.213s][info][gc,heap     ] GC(5) Old regions: 5->5
[2025-09-16T06:30:36.776-0400][26.213s][info][gc,heap     ] GC(5) Humongous regions: 0->0
[2025-09-16T06:30:36.776-0400][26.214s][info][gc,metaspace] GC(5) Metaspace: 36030K(36480K)->36030K(36480K) NonClass: 31942K(32192K)->31942K(32192K) Class: 4088K(4288K)->4088K(4288K)
[2025-09-16T06:30:36.776-0400][26.214s][info][gc          ] GC(5) Pause Young (Concurrent Start) (Metadata GC Threshold) 17M->13M(1024M) 12.808ms
[2025-09-16T06:30:36.777-0400][26.214s][info][gc,cpu      ] GC(5) User=0.02s Sys=0.01s Real=0.01s
[2025-09-16T06:30:36.777-0400][26.214s][info][gc          ] GC(6) Concurrent Mark Cycle
[2025-09-16T06:30:36.777-0400][26.215s][info][gc,marking  ] GC(6) Concurrent Scan Root Regions
[2025-09-16T06:30:36.782-0400][26.220s][info][gc,marking  ] GC(6) Concurrent Scan Root Regions 4.683ms
[2025-09-16T06:30:36.783-0400][26.220s][info][gc,marking  ] GC(6) Concurrent Mark
[2025-09-16T06:30:36.783-0400][26.221s][info][gc,marking  ] GC(6) Concurrent Mark From Roots
[2025-09-16T06:30:36.784-0400][26.221s][info][gc,task     ] GC(6) Using 2 workers of 2 for marking
[2025-09-16T06:30:36.794-0400][26.231s][info][gc,marking  ] GC(6) Concurrent Mark From Roots 10.644ms
[2025-09-16T06:30:36.794-0400][26.232s][info][gc,marking  ] GC(6) Concurrent Preclean
[2025-09-16T06:30:36.795-0400][26.233s][info][gc,marking  ] GC(6) Concurrent Preclean 0.522ms
[2025-09-16T06:30:36.796-0400][26.233s][info][gc,start    ] GC(6) Pause Remark
[2025-09-16T06:30:36.809-0400][26.247s][info][gc          ] GC(6) Pause Remark 15M->15M(1024M) 13.460ms
[2025-09-16T06:30:36.810-0400][26.247s][info][gc,cpu      ] GC(6) User=0.07s Sys=0.01s Real=0.01s
[2025-09-16T06:30:36.811-0400][26.248s][info][gc,marking  ] GC(6) Concurrent Mark 27.968ms
[2025-09-16T06:30:36.811-0400][26.249s][info][gc,marking  ] GC(6) Concurrent Rebuild Remembered Sets and Scrub Regions
[2025-09-16T06:30:36.816-0400][26.254s][info][gc,marking  ] GC(6) Concurrent Rebuild Remembered Sets and Scrub Regions 4.761ms
[2025-09-16T06:30:36.817-0400][26.255s][info][gc,start    ] GC(6) Pause Cleanup
[2025-09-16T06:30:36.818-0400][26.255s][info][gc          ] GC(6) Pause Cleanup 15M->15M(1024M) 0.967ms
[2025-09-16T06:30:36.818-0400][26.256s][info][gc,cpu      ] GC(6) User=0.00s Sys=0.00s Real=0.00s
[2025-09-16T06:30:36.819-0400][26.256s][info][gc,marking  ] GC(6) Concurrent Clear Claimed Marks
[2025-09-16T06:30:36.819-0400][26.257s][info][gc,marking  ] GC(6) Concurrent Clear Claimed Marks 0.637ms
[2025-09-16T06:30:36.820-0400][26.258s][info][gc,marking  ] GC(6) Concurrent Cleanup for Next Mark
[2025-09-16T06:30:36.823-0400][26.260s][info][gc,marking  ] GC(6) Concurrent Cleanup for Next Mark 2.862ms
[2025-09-16T06:30:36.823-0400][26.261s][info][gc          ] GC(6) Concurrent Mark Cycle 46.496ms
[2025-09-16T06:35:45.029-0400][358.572s][info][gc,heap,exit] Heap
[2025-09-16T06:35:45.029-0400][358.573s][info][gc,heap,exit]  garbage-first heap   total 1048576K, used 26828K [0x0000000700000000, 0x0000000800000000)
[2025-09-16T06:35:45.029-0400][358.573s][info][gc,heap,exit]   region size 2048K, 11 young (22528K), 4 survivors (8192K)
[2025-09-16T06:35:45.030-0400][358.573s][info][gc,heap,exit]  Metaspace       used 36684K, committed 37120K, reserved 278528K
[2025-09-16T06:35:45.030-0400][358.574s][info][gc,heap,exit]   class space    used 4161K, committed 4352K, reserved 212992K
